// Jest Snapshot v1, https://goo.gl/fbAQLP

exports[`<Header /> matches snapshot 1`] = `
<nav
  className="f11f0r7k"
>
  <ul>
    <li>
      <Connect(Link)
        name="home"
      >
        <FormattedMessage
          defaultMessage="Home"
          id="home"
          values={Object {}}
        />
      </Connect(Link)>
    </li>
    <li>
      <Connect(Link)
        name="about"
      >
        <FormattedMessage
          defaultMessage="About Us"
          id="about"
          values={Object {}}
        />
      </Connect(Link)>
    </li>
    <li>
      <Connect(Link)
        name="counter"
      >
        <FormattedMessage
          defaultMessage="Counter"
          id="counter"
          values={Object {}}
        />
      </Connect(Link)>
    </li>
    <li>
      <Connect(Link)
        name="stars"
      >
        <FormattedMessage
          defaultMessage="Stars"
          id="stars"
          values={Object {}}
        />
      </Connect(Link)>
    </li>
    <li>
      <Connect(Link)
        name="register"
      >
        <FormattedMessage
          defaultMessage="Register"
          id="register"
          values={Object {}}
        />
      </Connect(Link)>
    </li>
  </ul>
</nav>
`;
