// Jest Snapshot v1, https://goo.gl/fbAQLP

exports[`<AboutPage /> matches snapshot 1`] = `
<div>
  <h3>
    <FormattedMessage
      defaultMessage="Current Language"
      id="current.language"
      values={Object {}}
    />
    : 
  </h3>
  <button
    onClick={[Function]}
  >
    <FormattedMessage
      defaultMessage="Change language"
      id="about.change"
      values={Object {}}
    />
  </button>
  <h4>
    <FormattedMessage
      defaultMessage="About Us"
      id="about.us"
      values={Object {}}
    />
  </h4>
</div>
`;
