// Jest Snapshot v1, https://goo.gl/fbAQLP

exports[`<App /> matches snapshot 1`] = `
<IntlProvider
  locale="en-GB"
  messages={
    Object {
      "greeting": "Hello!",
    }
  }
>
  <section
    className="f1whcvza"
  >
    <HelmetWrapper
      defer={true}
      encodeSpecialCharacters={true}
      meta={
        Array [
          Object {
            "charset": "utf-8",
          },
          Object {
            "content": "ie=edge",
            "http-equiv": "x-ua-compatible",
          },
          Object {
            "content": "width=device-width, initial-scale=1",
            "name": "viewport",
          },
          Object {
            "content": "React Redux Typescript",
            "name": "description",
          },
        ]
      }
      title="Crazy Factory"
    />
    <Header />
    <HomePage />
  </section>
</IntlProvider>
`;
